[eva] Preparing sources for the analysis of concurrent program with lib pthreads
[kernel] Parsing FRAMAC_SHARE/eva/mthread.c (with preprocessing)
[kernel] Parsing FRAMAC_SHARE/eva/mthread_pthread.c (with preprocessing)
[kernel] Parsing ccfg.c (with preprocessing)
[eva:experimental] Warning: 
  Analysis of concurrent programs is an experimental feature.
[eva] Found concurrency builtins: enabling mthread domain
[eva:experimental] Warning: The mthread domain is experimental.
[eva] Analyzing a complete application starting at main
[eva:thread-fixpoint] First analysis of main thread
[eva:thread] New thread: <main>, fun main
[eva:thread] ccfg.c:14: New thread: jobs[0], fun fjob, parent <main>, args {0}
[eva:thread] ccfg.c:14: Start thread jobs[0]
[eva] using specification for function g2
[eva:thread] ccfg.c:14: New thread: jobs[1], fun fjob, parent <main>, args {0}
[eva:thread] ccfg.c:14: Start thread jobs[1]
[eva:thread] ccfg.c:14: New thread: jobs[2], fun fjob, parent <main>, args {0}
[eva:thread] ccfg.c:14: Start thread jobs[2]
[eva:thread] ccfg.c:14: New thread: jobs[3], fun fjob, parent <main>, args {0}
[eva:thread] ccfg.c:14: Start thread jobs[3]
[eva:thread-fixpoint] 
  Analyzing thread jobs[0] starting at fjob, iteration 1 (first iteration).
[eva:thread-fixpoint] 
  Analyzing thread jobs[1] starting at fjob, iteration 1 (first iteration).
[eva:thread-fixpoint] 
  Analyzing thread jobs[2] starting at fjob, iteration 1 (first iteration).
[eva:alarm] ccfg.c:8: Warning: 
  signed overflow.
  assert -2147483648 ≤ (int)(global1 + global2[0]) + global2[1];
[eva:alarm] ccfg.c:8: Warning: 
  signed overflow.
  assert (int)(global1 + global2[0]) + global2[1] ≤ 2147483647;
[eva:thread-fixpoint] 
  Analyzing thread jobs[3] starting at fjob, iteration 1 (first iteration).
[eva:thread-fixpoint] 
  Analyzing thread <main> starting at main, iteration 2 (potential shared vars
    changed).
[eva:thread] Thread <main>, fun main
[eva:thread] ccfg.c:14: Thread jobs[0], fun fjob, parent <main>, args {0}
[eva:thread] ccfg.c:14: Thread jobs[1], fun fjob, parent <main>, args {0}
[eva:thread] ccfg.c:14: Thread jobs[2], fun fjob, parent <main>, args {0}
[eva:thread] ccfg.c:14: Thread jobs[3], fun fjob, parent <main>, args {0}
[eva:thread-fixpoint] 
  Analyzing thread jobs[0] starting at fjob, iteration 2 (potential shared vars
    changed and interferences changed).
[eva:alarm] ccfg.c:8: Warning: 
  signed overflow. assert global1 + global2[0] ≤ 2147483647;
[eva:thread-fixpoint] 
  Analyzing thread jobs[1] starting at fjob, iteration 2 (potential shared vars
    changed and interferences changed).
[eva:thread-fixpoint] 
  Analyzing thread jobs[2] starting at fjob, iteration 2 (potential shared vars
    changed and interferences changed).
[eva:thread-fixpoint] 
  Analyzing thread jobs[3] starting at fjob, iteration 2 (potential shared vars
    changed and interferences changed).
[eva:thread-fixpoint] 
  Analyzing thread jobs[0] starting at fjob, iteration 3 (shared vars values
    changed).
[eva:thread-fixpoint] 
  Analyzing thread jobs[1] starting at fjob, iteration 3 (shared vars values
    changed).
[eva:thread-fixpoint] 
  Analyzing thread jobs[2] starting at fjob, iteration 3 (shared vars values
    changed).
[eva:thread-fixpoint] 
  Analyzing thread jobs[3] starting at fjob, iteration 3 (shared vars values
    changed).
[eva:thread-fixpoint] Analysis performed in 3 iterations
[eva:shared-memory:zone] Shared memory: global1; global2[0..1]
[eva:shared-memory:mutex] 
  Mutexes protecting access to shared memory:
    global1  unprotected
    global2[0..1]  unprotected
[eva:data-races] 
  Possible read/write data races:
    global2[1]:
      read by jobs[0] at ccfg.c:8, unprotected
      read by jobs[1] at ccfg.c:8, unprotected
      read by jobs[2] at ccfg.c:8, unprotected
      read by jobs[3] at ccfg.c:8, unprotected
      write by <main> at ccfg.c:31, unprotected
    global2[0]:
      read by jobs[0] at ccfg.c:8, unprotected
      read by jobs[1] at ccfg.c:8, unprotected
      read by jobs[2] at ccfg.c:8, unprotected
      read by jobs[3] at ccfg.c:8, unprotected
      write by <main> at ccfg.c:31, unprotected
    global1:
      read by jobs[0] at ccfg.c:8, unprotected
      read by jobs[1] at ccfg.c:8, unprotected
      read by jobs[2] at ccfg.c:8, unprotected
      read by jobs[3] at ccfg.c:8, unprotected
      write by <main> at ccfg.c:16, unprotected
[eva:summary] ====== ANALYSIS SUMMARY ======
  ----------------------------------------------------------------------------
  3 functions analyzed (out of 3): 100% coverage.
  In these functions, 19 statements reached (out of 19): 100% coverage.
  ----------------------------------------------------------------------------
  Some errors and warnings have been raised during the analysis:
    by the Eva analyzer:      0 errors    2 warnings
    by the Frama-C kernel:    0 errors    0 warnings
  ----------------------------------------------------------------------------
  3 alarms generated by the analysis:
       3 integer overflows
  ----------------------------------------------------------------------------
  No logical properties have been reached by the analysis.
  ----------------------------------------------------------------------------
