[eva] Preparing sources for the analysis of concurrent program with lib pthreads
[kernel] Parsing FRAMAC_SHARE/eva/mthread.c (with preprocessing)
[kernel] Parsing FRAMAC_SHARE/eva/mthread_pthread.c (with preprocessing)
[kernel] Parsing init.c (with preprocessing)
[eva:experimental] Warning: 
  Analysis of concurrent programs is an experimental feature.
[eva] Found concurrency builtins: enabling mthread domain
[eva:experimental] Warning: The mthread domain is experimental.
[eva] Analyzing a complete application starting at main
[eva:thread-fixpoint] First analysis of main thread
[eva:thread] New thread: <main>, fun main
[eva:mutex] init.c:20: Initializing mutex locks[0]
[eva:mutex] init.c:20: Initializing mutex locks[1]
[eva:mutex] init.c:20: Initializing mutex locks[2]
[eva:mutex] init.c:23: Initializing mutex mu1
[eva:mutex] init.c:23: Initializing mutex mu2
[eva:mutex] init.c:23: Initializing mutex mu3
[eva:mutex] init.c:28: Initializing mutex mu4
[eva:mutex] init.c:28: Initializing mutex mu5
[eva:mutex] init.c:28: Initializing mutex mu6
[eva:partition] init.c:30: starting to merge loop iterations
[eva:mutex] init.c:32: Initializing mutex mu7
[eva:mutex] init.c:32: Initializing mutex #11
[eva] init.c:32: Warning: 
  Trying to initialize mutex #11, but unable to check its precise status (internal value {0; 1} should be 0).
[eva:mutex] init.c:36: Initializing mutex 0
[eva] init.c:36: Warning: 
  Trying to initialize mutex 0, but it might already be unlocked (and initialized).
[eva] init.c:13: Warning: The mutex 0 is already registered.
[eva:thread-fixpoint] Analysis performed in 0 iterations
[eva:shared-memory:zone] Shared memory: \nothing
[eva:shared-memory:mutex] 
  Mutexes protecting access to shared memory:
    none
[eva:data-races] 
  Possible read/write data races:
    none
[eva:summary] ====== ANALYSIS SUMMARY ======
  ----------------------------------------------------------------------------
  2 functions analyzed (out of 2): 100% coverage.
  In these functions, 61 statements reached (out of 73): 84% coverage.
  ----------------------------------------------------------------------------
  Some errors and warnings have been raised during the analysis:
    by the Eva analyzer:      0 errors    5 warnings
    by the Frama-C kernel:    0 errors    0 warnings
  ----------------------------------------------------------------------------
  0 alarms generated by the analysis.
  ----------------------------------------------------------------------------
  No logical properties have been reached by the analysis.
  ----------------------------------------------------------------------------
