[eva] Preparing sources for the analysis of concurrent program with lib pthreads
[kernel] Parsing FRAMAC_SHARE/eva/mthread.c (with preprocessing)
[kernel] Parsing FRAMAC_SHARE/eva/mthread_pthread.c (with preprocessing)
[kernel] Parsing EVASHARE/mthread_queue.c (with preprocessing)
[kernel] Parsing philo.c (with preprocessing)
[eva:experimental] Warning: 
  Analysis of concurrent programs is an experimental feature.
[eva] Found concurrency builtins: enabling mthread domain
[eva:experimental] Warning: The mthread domain is experimental.
[eva] Analyzing a complete application starting at main
[eva:thread-fixpoint] First analysis of main thread
[eva:thread] New thread: <main>, fun main
[eva:mutex] philo.c:46: Initializing mutex locks[0]
[eva:mutex] philo.c:46: Initializing mutex locks[1]
[eva:mutex] philo.c:46: Initializing mutex locks[2]
[eva:mutex] philo.c:46: Initializing mutex locks[3]
[eva:mutex] philo.c:46: Initializing mutex locks[4]
[eva:thread] philo.c:51: New thread: jobs[0], fun job, parent <main>, args {0}
[eva:thread] philo.c:51: Start thread jobs[0]
[eva:thread] philo.c:51: New thread: jobs[1], fun job, parent <main>, args {1}
[eva:thread] philo.c:51: Start thread jobs[1]
[eva:thread] philo.c:51: New thread: jobs[2], fun job, parent <main>, args {2}
[eva:thread] philo.c:51: Start thread jobs[2]
[eva:thread] philo.c:51: New thread: jobs[3], fun job, parent <main>, args {3}
[eva:thread] philo.c:51: Start thread jobs[3]
[eva:thread] philo.c:51: New thread: jobs[4], fun job, parent <main>, args {4}
[eva:thread] philo.c:51: Start thread jobs[4]
[eva:message-queue] philo.c:54: 
  Receiving message on queue, max size 2, stored in &end.
  No value to receive (yet?).
[eva:thread-fixpoint] 
  Analyzing thread jobs[0] starting at job, iteration 1 (first iteration).
[eva:mutex] philo.c:19: Lock locks[4]
[eva:mutex] philo.c:20: Lock locks[1]
[kernel:annot:missing-spec] philo.c:21: Warning: 
  Neither code nor specification for function random, generating default
  assigns. See -generated-spec-* options for more info.
[eva] using specification for function random
[eva:message-queue] philo.c:25: 
  Sending message on queue, content [0] ∈ {1}
                                    [1] ∈ UNINITIALIZED
[eva:mutex] philo.c:27: Release locks[1]
[eva:mutex] philo.c:28: Release locks[4]
[eva:thread-fixpoint] 
  Analyzing thread jobs[1] starting at job, iteration 1 (first iteration).
[eva:mutex] philo.c:19: Lock locks[0]
[eva:mutex] philo.c:20: Lock locks[2]
[eva:mutex] philo.c:27: Release locks[2]
[eva:mutex] philo.c:28: Release locks[0]
[eva:thread-fixpoint] 
  Analyzing thread jobs[2] starting at job, iteration 1 (first iteration).
[eva:mutex] philo.c:19: Lock locks[1]
[eva:mutex] philo.c:20: Lock locks[3]
[eva:message-queue] philo.c:25: 
  Sending message on queue, content [0] ∈ {3}
                                    [1] ∈ UNINITIALIZED
[eva:mutex] philo.c:27: Release locks[3]
[eva:mutex] philo.c:28: Release locks[1]
[eva:thread-fixpoint] 
  Analyzing thread jobs[3] starting at job, iteration 1 (first iteration).
[eva:mutex] philo.c:19: Lock locks[2]
[eva:mutex] philo.c:20: Lock locks[4]
[eva:message-queue] philo.c:25: 
  Sending message on queue, content [0] ∈ {4}
                                    [1] ∈ UNINITIALIZED
[eva:mutex] philo.c:27: Release locks[4]
[eva:mutex] philo.c:28: Release locks[2]
[eva:thread-fixpoint] 
  Analyzing thread jobs[4] starting at job, iteration 1 (first iteration).
[eva:mutex] philo.c:19: Lock locks[3]
[eva:mutex] philo.c:20: Lock locks[0]
[eva:message-queue] philo.c:25: 
  Sending message on queue, content [0] ∈ {5}
                                    [1] ∈ UNINITIALIZED
[eva:mutex] philo.c:27: Release locks[0]
[eva:mutex] philo.c:28: Release locks[3]
[eva:thread-fixpoint] 
  Analyzing thread <main> starting at main, iteration 2 (new message received).
[eva:thread] Thread <main>, fun main
[eva:thread] philo.c:51: Thread jobs[0], fun job, parent <main>, args {0}
[eva:thread] philo.c:51: Thread jobs[1], fun job, parent <main>, args {1}
[eva:thread] philo.c:51: Thread jobs[2], fun job, parent <main>, args {2}
[eva:thread] philo.c:51: Thread jobs[3], fun job, parent <main>, args {3}
[eva:thread] philo.c:51: Thread jobs[4], fun job, parent <main>, args {4}
[eva:message-queue] philo.c:54: 
  Receiving message on queue, max size 2, stored in &end. Possible  values:
  From thread jobs[0]: [0] ∈ {1}
                       [1] ∈ UNINITIALIZED
  From thread jobs[2]: [0] ∈ {3}
                       [1] ∈ UNINITIALIZED
  From thread jobs[3]: [0] ∈ {4}
                       [1] ∈ UNINITIALIZED
  From thread jobs[4]: [0] ∈ {5}
                       [1] ∈ UNINITIALIZED
[eva:shared-memory:iteration] 
  Concurrent imprecise accesses have changed: before
    \nothing
  vs.
    end2
[eva:thread-fixpoint] 
  Analyzing thread <main> starting at main, iteration 3 (potential shared vars
    changed).
[eva:thread-fixpoint] 
  Analyzing thread jobs[0] starting at job, iteration 3 (potential shared vars
    changed and interferences changed).
[eva:thread-fixpoint] 
  Analyzing thread jobs[1] starting at job, iteration 3 (potential shared vars
    changed and interferences changed).
[eva:thread-fixpoint] 
  Analyzing thread jobs[2] starting at job, iteration 3 (potential shared vars
    changed and interferences changed).
[eva:thread-fixpoint] 
  Analyzing thread jobs[3] starting at job, iteration 3 (potential shared vars
    changed and interferences changed).
[eva:thread-fixpoint] 
  Analyzing thread jobs[4] starting at job, iteration 3 (potential shared vars
    changed and interferences changed).
[eva:shared-memory:iteration] 
  Concurrent precise var accesses have changed: before
    \nothing
  vs.
    end2
[eva:thread-fixpoint] 
  Analyzing thread <main> starting at main, iteration 4 (shared vars values
    changed and interferences changed).
[eva:thread] philo.c:51: 
  New context for jobs[1], fun job, parent <main>, args {1}
[eva:thread] philo.c:51: 
  New context for jobs[2], fun job, parent <main>, args {2}
[eva:thread] philo.c:51: 
  New context for jobs[3], fun job, parent <main>, args {3}
[eva:thread] philo.c:51: 
  New context for jobs[4], fun job, parent <main>, args {4}
[eva:thread-fixpoint] 
  Analyzing thread jobs[0] starting at job, iteration 4 (interferences
    changed).
[eva:thread-fixpoint] 
  Analyzing thread jobs[1] starting at job, iteration 4 (thread initial memory
    state changed and interferences changed).
[eva:thread-fixpoint] 
  Analyzing thread jobs[2] starting at job, iteration 4 (thread initial memory
    state changed and interferences changed).
[eva:thread-fixpoint] 
  Analyzing thread jobs[3] starting at job, iteration 4 (thread initial memory
    state changed and interferences changed).
[eva:thread-fixpoint] 
  Analyzing thread jobs[4] starting at job, iteration 4 (thread initial memory
    state changed).
[eva:thread-fixpoint] Analysis performed in 4 iterations
[eva:shared-memory:zone] Shared memory: end2
[eva:shared-memory:mutex] 
  Mutexes protecting access to shared memory:
    end2  write protected by (?)locks[0] (?)locks[1] (?)locks[2] (?)locks[3]
          (?)locks[4], read unprotected
[eva:data-races] 
  Possible read/write data races:
    end2:
      read by <main> at philo.c:53, unprotected
      write by jobs[0] at philo.c:24, protected by locks[1] locks[4]
      write by jobs[2] at philo.c:24, protected by locks[1] locks[3]
      write by jobs[3] at philo.c:24, protected by locks[2] locks[4]
      write by jobs[4] at philo.c:24, protected by locks[0] locks[3]
[eva:summary] ====== ANALYSIS SUMMARY ======
  ----------------------------------------------------------------------------
  6 functions analyzed (out of 6): 100% coverage.
  In these functions, 51 statements reached (out of 52): 98% coverage.
  ----------------------------------------------------------------------------
  Some errors and warnings have been raised during the analysis:
    by the Eva analyzer:      0 errors    2 warnings
    by the Frama-C kernel:    0 errors    1 warning
  ----------------------------------------------------------------------------
  0 alarms generated by the analysis.
  ----------------------------------------------------------------------------
  Evaluation of the logical properties reached by the analysis:
    Assertions        0 valid     0 unknown     0 invalid      0 total
    Preconditions     2 valid     0 unknown     0 invalid      2 total
  100% of the logical properties reached have been proven.
  ----------------------------------------------------------------------------
