[eva] Preparing sources for the analysis of concurrent program with lib pthreads
[kernel] Parsing FRAMAC_SHARE/eva/mthread.c (with preprocessing)
[kernel] Parsing FRAMAC_SHARE/eva/mthread_pthread.c (with preprocessing)
[kernel] Parsing EVASHARE/mthread_queue.c (with preprocessing)
[kernel] Parsing philo.c (with preprocessing)
[eva:experimental] Warning: 
  Analysis of concurrent programs is an experimental feature.
[eva] Found concurrency builtins: enabling mthread domain
[eva:experimental] Warning: The mthread domain is experimental.
[eva] Analyzing a complete application starting at main
[eva:thread-fixpoint] First analysis of main thread
[eva:thread] New thread: <main>, fun main
[eva:mutex] philo.c:46: Initializing mutex locks[0]
[eva:partition] philo.c:45: starting to merge loop iterations
[eva:mutex] philo.c:46: Initializing mutex #2
[eva] philo.c:46: Warning: 
  Trying to initialize mutex #2, but unable to check its precise status (internal value {0; 1} should be 0).
[eva:thread] philo.c:51: New thread: jobs[0], fun job, parent <main>, args {0}
[eva:thread] philo.c:51: Start thread jobs[0]
[eva:partition] philo.c:50: starting to merge loop iterations
[eva:thread] philo.c:51: New thread: #3, fun job, parent <main>, args {0; 1}
[eva:thread] philo.c:51: Start thread #3
[eva:thread] philo.c:51: 
  New context for #3, fun job, parent <main>, args {0; 1; 2}
[eva:thread] philo.c:51: 
  New context for #3, fun job, parent <main>, args {0; 1; 2; 3; 4}
[eva:thread] philo.c:51: Thread #3, fun job, parent <main>, args {0; 1; 2; 3; 4}
[eva:thread-fixpoint] 
  Analyzing thread jobs[0] starting at job, iteration 1 (first iteration).
[eva] philo.c:19: Warning: Trying to lock a possibly uninitialized mutex.
[eva] philo.c:19: Warning: 
  Trying to lock mutex #2, but unable to check its precise status (internal value {0; 1} should be 1).
[eva:mutex] philo.c:19: Lock #2
[eva] FRAMAC_SHARE/eva/mthread_pthread.c:46: Warning: Not a valid mutex id '0'.
[eva] philo.c:20: Warning: Trying to lock a possibly uninitialized mutex.
[eva] philo.c:20: Warning: 
  Trying to lock mutex #2, but it might already be locked (and initialized).
[eva:mutex] philo.c:20: Lock #2
[kernel:annot:missing-spec] philo.c:21: Warning: 
  Neither code nor specification for function random, generating default
  assigns. See -generated-spec-* options for more info.
[eva] using specification for function random
[eva] philo.c:27: Warning: Trying to unlock a possibly uninitialized mutex.
[eva:mutex] philo.c:27: Release #2
[eva] FRAMAC_SHARE/eva/mthread_pthread.c:56: Warning: Not a valid mutex id '0'.
[eva] philo.c:28: Warning: Trying to unlock a possibly uninitialized mutex.
[eva] philo.c:28: Warning: 
  Trying to unlock mutex #2, but it might already be unlocked (and initialized).
[eva:mutex] philo.c:28: Release #2
[eva:partition] philo.c:36: starting to merge loop iterations
[eva:thread-fixpoint] 
  Analyzing thread #3 starting at job, iteration 1 (first iteration).
[eva] philo.c:19: Warning: 
  During mutex lock: invalid mutex id. Non-integer or imprecise value: {0; 1; 2}. Ignoring.
[eva] philo.c:20: Warning: 
  During mutex lock: invalid mutex id. Non-integer or imprecise value: {0; 1; 2}. Ignoring.
[eva] philo.c:27: Warning: 
  During mutex unlock: invalid mutex id. Non-integer or imprecise value: {0; 1; 2}. Ignoring.
[eva] philo.c:28: Warning: 
  During mutex unlock: invalid mutex id. Non-integer or imprecise value: {0; 1; 2}. Ignoring.
[eva:thread-fixpoint] 
  Analyzing thread <main> starting at main, iteration 2 (new message received).
[eva:thread] Thread <main>, fun main
[eva:thread] philo.c:51: Thread jobs[0], fun job, parent <main>, args {0}
[eva:partition] philo.c:53: starting to merge loop iterations
[eva:thread-fixpoint] 
  Analyzing thread <main> starting at main, iteration 3 (potential shared vars
    changed).
[eva:thread-fixpoint] 
  Analyzing thread jobs[0] starting at job, iteration 3 (potential shared vars
    changed and interferences changed).
[eva:thread-fixpoint] 
  Analyzing thread #3 starting at job, iteration 3 (potential shared vars
    changed and interferences changed).
[eva:thread-fixpoint] 
  Analyzing thread <main> starting at main, iteration 4 (shared vars values
    changed and interferences changed).
[eva:thread-fixpoint] 
  Analyzing thread jobs[0] starting at job, iteration 4 (interferences
    changed).
[eva:thread-fixpoint] 
  Analyzing thread #3 starting at job, iteration 4 (thread initial memory state
    changed).
[eva:thread-fixpoint] Analysis performed in 4 iterations
[eva:shared-memory:zone] Shared memory: end2
[eva:shared-memory:mutex] 
  Mutexes protecting access to shared memory:
    end2  write protected by (?)#2, read unprotected
[eva:data-races] 
  Possible read/write data races:
    end2:
      read by <main> at philo.c:53, unprotected
      write by jobs[0] at philo.c:24, protected by #2
      write by #3 at philo.c:24, unprotected
[eva:summary] ====== ANALYSIS SUMMARY ======
  ----------------------------------------------------------------------------
  6 functions analyzed (out of 6): 100% coverage.
  In these functions, 51 statements reached (out of 52): 98% coverage.
  ----------------------------------------------------------------------------
  Some errors and warnings have been raised during the analysis:
    by the Eva analyzer:      0 errors   16 warnings
    by the Frama-C kernel:    0 errors    1 warning
  ----------------------------------------------------------------------------
  0 alarms generated by the analysis.
  ----------------------------------------------------------------------------
  Evaluation of the logical properties reached by the analysis:
    Assertions        0 valid     0 unknown     0 invalid      0 total
    Preconditions     2 valid     0 unknown     0 invalid      2 total
  100% of the logical properties reached have been proven.
  ----------------------------------------------------------------------------
