[mt] Preparing sources for Mthread with lib pthreads
[kernel] Parsing FRAMAC_SHARE/mt/mthread.c (with preprocessing)
[kernel] Parsing FRAMAC_SHARE/mt/mthread_pthread.c (with preprocessing)
[kernel] Parsing MTSHARE/mthread_queue.c (with preprocessing)
[kernel] Parsing philo.c (with preprocessing)
[mt] Warning: Mthread is an experimental plugin and is still in development.
[mt] ******* Starting mthread
[eva:experimental] Warning: The mthread domain is experimental.
[mt] *** Computing value analysis for main thread
[mt] New thread: <main>, fun main
[mt] philo.c:46: Initializing mutex locks[0]
[mt] philo.c:46: Initializing mutex locks[1]
[mt] philo.c:46: Initializing mutex locks[2]
[mt] philo.c:46: Initializing mutex locks[3]
[mt] philo.c:46: Initializing mutex locks[4]
[mt] philo.c:51: New thread: jobs[0], fun job, parent <main>, args {0}
[mt] philo.c:51: Start thread jobs[0]
[mt] philo.c:51: New thread: jobs[1], fun job, parent <main>, args {1}
[mt] philo.c:51: Start thread jobs[1]
[mt] philo.c:51: New thread: jobs[2], fun job, parent <main>, args {2}
[mt] philo.c:51: Start thread jobs[2]
[mt] philo.c:51: New thread: jobs[3], fun job, parent <main>, args {3}
[mt] philo.c:51: Start thread jobs[3]
[mt] philo.c:51: New thread: jobs[4], fun job, parent <main>, args {4}
[mt] philo.c:51: Start thread jobs[4]
[mt] philo.c:54: 
  Receiving message on queue, max size 2, stored in &end.
  No value to receive (yet?).
[mt] *** First value analysis for main thread done.
[mt] *** Thread <main> computed
[mt] ******* Starting to iterate
[mt] ***** Iteration 1
[mt] *** Computing thread jobs[0], iteration 1 (first iteration)
[mt] philo.c:19: Lock locks[4]
[mt] philo.c:20: Lock locks[1]
[kernel:annot:missing-spec] philo.c:21: Warning: 
  Neither code nor specification for function random, generating default
  assigns. See -generated-spec-* options for more info.
[mt] philo.c:25: 
  Sending message on queue, content [0] ∈ {1}
                                    [1] ∈ UNINITIALIZED
[mt] philo.c:27: Release locks[1]
[mt] philo.c:28: Release locks[4]
[mt] *** Thread jobs[0] computed
[mt] *** Computing thread jobs[1], iteration 1 (first iteration)
[mt] philo.c:19: Lock locks[0]
[mt] philo.c:20: Lock locks[2]
[mt] philo.c:27: Release locks[2]
[mt] philo.c:28: Release locks[0]
[mt] *** Thread jobs[1] computed
[mt] *** Computing thread jobs[2], iteration 1 (first iteration)
[mt] philo.c:19: Lock locks[1]
[mt] philo.c:20: Lock locks[3]
[mt] philo.c:25: 
  Sending message on queue, content [0] ∈ {3}
                                    [1] ∈ UNINITIALIZED
[mt] philo.c:27: Release locks[3]
[mt] philo.c:28: Release locks[1]
[mt] *** Thread jobs[2] computed
[mt] *** Computing thread jobs[3], iteration 1 (first iteration)
[mt] philo.c:19: Lock locks[2]
[mt] philo.c:20: Lock locks[4]
[mt] philo.c:25: 
  Sending message on queue, content [0] ∈ {4}
                                    [1] ∈ UNINITIALIZED
[mt] philo.c:27: Release locks[4]
[mt] philo.c:28: Release locks[2]
[mt] *** Thread jobs[3] computed
[mt] *** Computing thread jobs[4], iteration 1 (first iteration)
[mt] philo.c:19: Lock locks[3]
[mt] philo.c:20: Lock locks[0]
[mt] philo.c:25: 
  Sending message on queue, content [0] ∈ {5}
                                    [1] ∈ UNINITIALIZED
[mt] philo.c:27: Release locks[0]
[mt] philo.c:28: Release locks[3]
[mt] *** Thread jobs[4] computed
[mt] ***** Threads computed for iteration 1.
[mt] ***** Computing shared variables
[mt] Possible read/write data races:
  none
[mt] Mutexes for concurrent accesses:
[mt] ***** Shared variables computed
[mt] ***** Iteration 2
[mt] *** Computing thread <main>, iteration 2 (new message received)
[mt] Thread <main>, fun main
[mt] philo.c:51: Thread jobs[0], fun job, parent <main>, args {0}
[mt] philo.c:51: Thread jobs[1], fun job, parent <main>, args {1}
[mt] philo.c:51: Thread jobs[2], fun job, parent <main>, args {2}
[mt] philo.c:51: Thread jobs[3], fun job, parent <main>, args {3}
[mt] philo.c:51: Thread jobs[4], fun job, parent <main>, args {4}
[mt] philo.c:54: 
  Receiving message on queue, max size 2, stored in &end. Possible  values:
  From thread jobs[0]: [0] ∈ {1}
                       [1] ∈ UNINITIALIZED
  From thread jobs[2]: [0] ∈ {3}
                       [1] ∈ UNINITIALIZED
  From thread jobs[3]: [0] ∈ {4}
                       [1] ∈ UNINITIALIZED
  From thread jobs[4]: [0] ∈ {5}
                       [1] ∈ UNINITIALIZED
[mt] *** Thread <main> computed
[mt] ***** Threads computed for iteration 2.
[mt] ***** Computing shared variables
[mt] Possible read/write data races:
  none
[mt] Mutexes for concurrent accesses:
[mt] ***** Shared variables computed
[mt] ***** Iteration 3
[mt] *** Computing thread <main>, iteration 3 (potential shared vars changed)
[mt] *** Thread <main> computed
[mt] *** Computing thread jobs[0], iteration 3 (potential shared vars changed and
    interferences changed)
[mt] *** Thread jobs[0] computed
[mt] *** Computing thread jobs[1], iteration 3 (potential shared vars changed and
    interferences changed)
[mt] *** Thread jobs[1] computed
[mt] *** Computing thread jobs[2], iteration 3 (potential shared vars changed and
    interferences changed)
[mt] *** Thread jobs[2] computed
[mt] *** Computing thread jobs[3], iteration 3 (potential shared vars changed and
    interferences changed)
[mt] *** Thread jobs[3] computed
[mt] *** Computing thread jobs[4], iteration 3 (potential shared vars changed and
    interferences changed)
[mt] *** Thread jobs[4] computed
[mt] ***** Threads computed for iteration 3.
[mt] ***** Computing shared variables
[mt] Possible read/write data races:
  end2:
    read by <main> at philo.c:53, unprotected
    write by jobs[0] at philo.c:24, protected by locks[1] locks[4]
    write by jobs[2] at philo.c:24, protected by locks[1] locks[3]
    write by jobs[3] at philo.c:24, protected by locks[2] locks[4]
    write by jobs[4] at philo.c:24, protected by locks[0] locks[3]
[mt] Mutexes for concurrent accesses:
  end2  write protected by (?)locks[0] (?)locks[1] (?)locks[2] (?)locks[3]
        (?)locks[4], read unprotected
[mt] ***** Shared variables computed
[mt] ***** Iteration 4
[mt] *** Computing thread <main>, iteration 4 (shared vars values changed and
    interferences changed)
[mt] philo.c:51: New context for jobs[1], fun job, parent <main>, args {1}
[mt] philo.c:51: New context for jobs[2], fun job, parent <main>, args {2}
[mt] philo.c:51: New context for jobs[3], fun job, parent <main>, args {3}
[mt] philo.c:51: New context for jobs[4], fun job, parent <main>, args {4}
[mt] *** Thread <main> computed
[mt] *** Computing thread jobs[0], iteration 4 (interferences changed)
[mt] *** Thread jobs[0] computed
[mt] *** Computing thread jobs[1], iteration 4 (thread initial memory state
    changed and interferences changed)
[mt] *** Thread jobs[1] computed
[mt] *** Computing thread jobs[2], iteration 4 (thread initial memory state
    changed and interferences changed)
[mt] *** Thread jobs[2] computed
[mt] *** Computing thread jobs[3], iteration 4 (thread initial memory state
    changed and interferences changed)
[mt] *** Thread jobs[3] computed
[mt] *** Computing thread jobs[4], iteration 4 (thread initial memory state
    changed)
[mt] *** Thread jobs[4] computed
[mt] ***** Threads computed for iteration 4.
[mt] ***** Computing shared variables
[mt] Possible read/write data races:
  end2:
    read by <main> at philo.c:53, unprotected
    write by jobs[0] at philo.c:24, protected by locks[1] locks[4]
    write by jobs[2] at philo.c:24, protected by locks[1] locks[3]
    write by jobs[3] at philo.c:24, protected by locks[2] locks[4]
    write by jobs[4] at philo.c:24, protected by locks[0] locks[3]
[mt] Mutexes for concurrent accesses:
  end2  write protected by (?)locks[0] (?)locks[1] (?)locks[2] (?)locks[3]
        (?)locks[4], read unprotected
[mt] ***** Shared variables computed
[mt] ******* Analysis performed, 4 iterations
