[kernel] Parsing ilevel.c (with preprocessing)
[value] Analyzing a complete application starting at main
[value] Computing initial state
[value] Initial state computed
[value] Values of globals at initialization
  Frama_C_entropy_source ∈ [--..--]
  t[0] ∈ {2}
   [1] ∈ {3}
   [2] ∈ {5}
   [3] ∈ {7}
   [4] ∈ {11}
   [5] ∈ {13}
   [6] ∈ {17}
   [7] ∈ {19}
   [8] ∈ {23}
   [9] ∈ {27}
   [10] ∈ {29}
   [11] ∈ {31}
[value] computing for function Frama_C_interval <- main.
        Called from ilevel.c:7.
[value] using specification for function Frama_C_interval
FRAMAC_SHARE/libc/__fc_builtin.h:50:[value] function Frama_C_interval: precondition got status valid.
[value] Done for function Frama_C_interval
[value] Recording results for main
[value] done for function main
[value] ====== VALUES COMPUTED ======
[value] Values at end of function main:
  Frama_C_entropy_source ∈ [--..--]
  __retres ∈ [2..31]
