[kernel] Parsing ilevel.c (with preprocessing)
[eva] Analyzing a complete application starting at main
[eva] Computing initial state
[eva] Initial state computed
[eva:initial-state] Values of globals at initialization
  t[0] ∈ {2}
   [1] ∈ {3}
   [2] ∈ {5}
   [3] ∈ {7}
   [4] ∈ {11}
   [5] ∈ {13}
   [6] ∈ {17}
   [7] ∈ {19}
   [8] ∈ {23}
   [9] ∈ {27}
   [10] ∈ {29}
   [11] ∈ {31}
[eva] using specification for function Frama_C_interval
[eva] done for function main
[eva] ====== VALUES COMPUTED ======
[eva:final-states] Values at end of function main:
  Frama_C_entropy_source ∈ [--..--]
  __retres ∈ {2; 3; 5; 7; 11; 13; 17; 19; 23; 27; 29; 31}
