[kernel] Parsing loop-unroll-nested.c (with preprocessing)
[eva] Analyzing a complete application starting at main
[eva] Computing initial state
[eva] Initial state computed
[eva:initial-state] Values of globals at initialization
  t1[0] ∈ {1}
    [1] ∈ {2}
    [2] ∈ {3}
  t2[0] ∈ {4}
    [1] ∈ {5}
  t3[0] ∈ {6}
    [1] ∈ {7}
    [2] ∈ {8}
    [3] ∈ {9}
  t[0] ∈ {{ &t1[0] }}
   [1] ∈ {{ &t2[0] }}
   [2] ∈ {{ &t3[0] }}
  sizes[0] ∈ {3}
       [1] ∈ {2}
       [2] ∈ {4}
[eva] loop-unroll-nested.c:9: starting to merge loop iterations
[eva:alarm] loop-unroll-nested.c:10: Warning: 
  signed overflow. assert S + *(t[i] + j) ≤ 2147483647;
[eva] loop-unroll-nested.c:7: starting to merge loop iterations
[eva:alarm] loop-unroll-nested.c:10: Warning: 
  out of bounds read. assert \valid_read(t[i] + j);
[eva] done for function main
[eva] ====== VALUES COMPUTED ======
[eva:final-states] Values at end of function main:
  S ∈ [0..2147483647]
[eva:summary] ====== ANALYSIS SUMMARY ======
  ----------------------------------------------------------------------------
  1 function analyzed (out of 1): 100% coverage.
  In this function, 16 statements reached (out of 16): 100% coverage.
  ----------------------------------------------------------------------------
  No errors or warnings raised during the analysis.
  ----------------------------------------------------------------------------
  2 alarms generated by the analysis:
       1 invalid memory access
       1 integer overflow
  ----------------------------------------------------------------------------
  No logical properties have been reached by the analysis.
  ----------------------------------------------------------------------------
